I'm sorry, but errors were detected in your script. Please correct the
errors listed below, and try again.


File "game/script.rpy", line 38: indentation mismatch.

Ren'Py Version: Ren'Py 7.2.2.491
Wed Nov 20 19:50:57 2019
